1.0 {
  global:
    extern "C++" {
      OHOS::Security::AccessToken::AtmToolsParamInfoParcel::CheckParam*;
      OHOS::Security::AccessToken::AtmToolsParamInfoParcel::Marshalling*;
      OHOS::Security::AccessToken::AtmToolsParamInfoParcel::Unmarshalling*;
      OHOS::Security::AccessToken::HapBaseInfoParcel::Marshalling*;
      OHOS::Security::AccessToken::HapBaseInfoParcel::Unmarshalling*;
      OHOS::Security::AccessToken::HapInfoParcel::Marshalling*;
      OHOS::Security::AccessToken::HapInfoParcel::Unmarshalling*;
      OHOS::Security::AccessToken::HapPolicyParcel::Marshalling*;
      OHOS::Security::AccessToken::HapPolicyParcel::Unmarshalling*;
      OHOS::Security::AccessToken::HapTokenInfoForSyncParcel::Marshalling*;
      OHOS::Security::AccessToken::HapTokenInfoForSyncParcel::Unmarshalling*;
      OHOS::Security::AccessToken::HapTokenInfoParcel::Marshalling*;
      OHOS::Security::AccessToken::HapTokenInfoParcel::Unmarshalling*;
      OHOS::Security::AccessToken::NativeTokenInfoParcel::Marshalling*;
      OHOS::Security::AccessToken::NativeTokenInfoParcel::Unmarshalling*;
      OHOS::Security::AccessToken::PermStateChangeScopeParcel::Marshalling*;
      OHOS::Security::AccessToken::PermStateChangeScopeParcel::Unmarshalling*;
      OHOS::Security::AccessToken::PermissionDefParcel::Marshalling*;
      OHOS::Security::AccessToken::PermissionDefParcel::Unmarshalling*;
      OHOS::Security::AccessToken::PermissionGrantInfoParcel::Marshalling*;
      OHOS::Security::AccessToken::PermissionGrantInfoParcel::Unmarshalling*;
      OHOS::Security::AccessToken::PermissionListStateParcel::Marshalling*;
      OHOS::Security::AccessToken::PermissionListStateParcel::Unmarshalling*;
      OHOS::Security::AccessToken::PermissionStateChangeInfoParcel::Marshalling*;
      OHOS::Security::AccessToken::PermissionStateChangeInfoParcel::Unmarshalling*;
      OHOS::Security::AccessToken::PermissionStatusParcel::Marshalling*;
      OHOS::Security::AccessToken::PermissionStatusParcel::Unmarshalling*;
      OHOS::Security::AccessToken::SecCompEnhanceDataParcel::Marshalling*;
      OHOS::Security::AccessToken::SecCompEnhanceDataParcel::Unmarshalling*;
      "vtable for OHOS::Security::AccessToken::AtmToolsParamInfoParcel";
      "VTT for OHOS::Security::AccessToken::AtmToolsParamInfoParcel";
      "vtable for OHOS::Security::AccessToken::HapBaseInfoParcel";
      "VTT for OHOS::Security::AccessToken::HapBaseInfoParcel";
      "vtable for OHOS::Security::AccessToken::HapInfoParcel";
      "VTT for OHOS::Security::AccessToken::HapInfoParcel";
      "vtable for OHOS::Security::AccessToken::HapPolicyParcel";
      "VTT for OHOS::Security::AccessToken::HapPolicyParcel";
      "vtable for OHOS::Security::AccessToken::HapTokenInfoForSyncParcel";
      "VTT for OHOS::Security::AccessToken::HapTokenInfoForSyncParcel";
      "vtable for OHOS::Security::AccessToken::HapTokenInfoParcel";
      "VTT for OHOS::Security::AccessToken::HapTokenInfoParcel";
      "vtable for OHOS::Security::AccessToken::NativeTokenInfoParcel";
      "VTT for OHOS::Security::AccessToken::NativeTokenInfoParcel";
      "vtable for OHOS::Security::AccessToken::PermStateChangeScopeParcel";
      "VTT for OHOS::Security::AccessToken::PermStateChangeScopeParcel";
      "vtable for OHOS::Security::AccessToken::PermissionDefParcel";
      "VTT for OHOS::Security::AccessToken::PermissionDefParcel";
      "vtable for OHOS::Security::AccessToken::PermissionGrantInfoParcel";
      "VTT for OHOS::Security::AccessToken::PermissionGrantInfoParcel";
      "vtable for OHOS::Security::AccessToken::PermissionListStateParcel";
      "VTT for OHOS::Security::AccessToken::PermissionListStateParcel";
      "vtable for OHOS::Security::AccessToken::PermissionStateChangeInfoParcel";
      "VTT for OHOS::Security::AccessToken::PermissionStateChangeInfoParcel";
      "vtable for OHOS::Security::AccessToken::PermissionStatusParcel";
      "VTT for OHOS::Security::AccessToken::PermissionStatusParcel";
      "vtable for OHOS::Security::AccessToken::SecCompEnhanceDataParcel";
      "VTT for OHOS::Security::AccessToken::SecCompEnhanceDataParcel";
    };
  local:
    *;
};
